INFO:     Started server process [8066]
INFO:     Waiting for application startup.
2025-10-26 19:54:29,986 INFO [startup] Initializing command and reward queues...
2025-10-26 19:54:29,986 INFO [startup] Connected to disaggregated proxy at http://localhost:8000
2025-10-26 19:54:29,987 INFO [startup] System ready for grading requests.
INFO:     Application startup complete.
INFO:     Uvicorn running on http://0.0.0.0:8080 (Press CTRL+C to quit)
2025-10-26 20:16:33,074 INFO request accepted by grader tool
2025-10-26 20:16:33,253 INFO [grader_tool] Starting grading for query: '<|im_start|>system
You are an ORCHESTRATOR/CODING ...'
2025-10-26 20:16:33,253 INFO [grader_tool] Sending request to disaggregated proxy at http://localhost:8000
2025-10-26 20:16:35,156 INFO [grader_tool] Final score: 1
2025-10-26 20:16:35,156 INFO [reward_topic] sending to topic 'rewardtopic'
2025-10-26 20:16:36,441 INFO [grader_tool] Score 1 sent to reward queue
2025-10-26 20:16:37,552 INFO request accepted by grader tool
2025-10-26 20:16:37,940 INFO [grader_tool] Starting grading for query: '<|im_start|>system
You are an ORCHESTRATOR/CODING ...'
2025-10-26 20:16:37,940 INFO [grader_tool] Sending request to disaggregated proxy at http://localhost:8000
2025-10-26 20:16:39,002 INFO [grader_tool] Final score: 1
2025-10-26 20:16:39,002 INFO [reward_topic] sending to topic 'rewardtopic'
2025-10-26 20:16:40,267 INFO [grader_tool] Score 1 sent to reward queue
2025-10-26 20:16:41,067 INFO request accepted by grader tool
2025-10-26 20:16:41,267 INFO [grader_tool] Starting grading for query: '<|im_start|>system
You are an ORCHESTRATOR/CODING ...'
2025-10-26 20:16:41,267 INFO [grader_tool] Sending request to disaggregated proxy at http://localhost:8000
2025-10-26 20:16:42,424 INFO [grader_tool] Final score: 1
2025-10-26 20:16:42,424 INFO [reward_topic] sending to topic 'rewardtopic'
2025-10-26 20:16:43,686 INFO [grader_tool] Score 1 sent to reward queue
2025-10-26 20:16:44,689 INFO request accepted by grader tool
2025-10-26 20:16:45,188 INFO [grader_tool] Starting grading for query: '<|im_start|>system
You are an ORCHESTRATOR/CODING ...'
2025-10-26 20:16:45,188 INFO [grader_tool] Sending request to disaggregated proxy at http://localhost:8000
2025-10-26 20:16:46,192 INFO [grader_tool] Final score: 1
2025-10-26 20:16:46,192 INFO [reward_topic] sending to topic 'rewardtopic'
2025-10-26 20:16:47,464 INFO [grader_tool] Score 1 sent to reward queue
2025-10-26 20:17:45,190 INFO request accepted by grader tool
2025-10-26 20:17:45,479 INFO [grader_tool] Starting grading for query: '<|im_start|>system
You are an ORCHESTRATOR/CODING ...'
2025-10-26 20:17:45,479 INFO [grader_tool] Sending request to disaggregated proxy at http://localhost:8000
2025-10-26 20:17:46,730 INFO [grader_tool] Final score: 1
2025-10-26 20:17:46,730 INFO [reward_topic] sending to topic 'rewardtopic'
2025-10-26 20:17:48,039 INFO [grader_tool] Score 1 sent to reward queue
2025-10-26 20:17:48,709 INFO request accepted by grader tool
2025-10-26 20:17:49,039 INFO [grader_tool] Starting grading for query: '<|im_start|>system
You are an ORCHESTRATOR/CODING ...'
2025-10-26 20:17:49,039 INFO [grader_tool] Sending request to disaggregated proxy at http://localhost:8000
2025-10-26 20:17:51,952 INFO [grader_tool] Final score: 1
2025-10-26 20:17:51,953 INFO [reward_topic] sending to topic 'rewardtopic'
2025-10-26 20:17:53,215 INFO [grader_tool] Score 1 sent to reward queue
2025-10-26 20:17:54,170 INFO request accepted by grader tool
2025-10-26 20:17:54,215 INFO [grader_tool] Starting grading for query: '<|im_start|>system
You are an ORCHESTRATOR/CODING ...'
2025-10-26 20:17:54,215 INFO [grader_tool] Sending request to disaggregated proxy at http://localhost:8000
2025-10-26 20:17:55,458 INFO [grader_tool] Final score: 1
2025-10-26 20:17:55,458 INFO [reward_topic] sending to topic 'rewardtopic'
2025-10-26 20:17:56,720 INFO [grader_tool] Score 1 sent to reward queue
2025-10-26 20:17:57,649 INFO request accepted by grader tool
2025-10-26 20:17:57,720 INFO [grader_tool] Starting grading for query: '<|im_start|>system
You are an ORCHESTRATOR/CODING ...'
2025-10-26 20:17:57,720 INFO [grader_tool] Sending request to disaggregated proxy at http://localhost:8000
2025-10-26 20:17:58,783 INFO [grader_tool] Final score: 1
2025-10-26 20:17:58,784 INFO [reward_topic] sending to topic 'rewardtopic'
2025-10-26 20:18:00,056 INFO [grader_tool] Score 1 sent to reward queue
2025-10-26 20:19:09,226 INFO request accepted by grader tool
2025-10-26 20:19:09,596 INFO [grader_tool] Starting grading for query: '<|im_start|>system
You are an ORCHESTRATOR/CODING ...'
2025-10-26 20:19:09,596 INFO [grader_tool] Sending request to disaggregated proxy at http://localhost:8000
2025-10-26 20:19:10,401 INFO [grader_tool] Final score: 1
2025-10-26 20:19:10,402 INFO [reward_topic] sending to topic 'rewardtopic'
2025-10-26 20:19:11,686 INFO [grader_tool] Score 1 sent to reward queue
2025-10-26 20:19:12,750 INFO request accepted by grader tool
2025-10-26 20:19:13,186 INFO [grader_tool] Starting grading for query: '<|im_start|>system
You are an ORCHESTRATOR/CODING ...'
2025-10-26 20:19:13,186 INFO [grader_tool] Sending request to disaggregated proxy at http://localhost:8000
2025-10-26 20:19:13,646 INFO [grader_tool] Final score: 1
2025-10-26 20:19:13,646 INFO [reward_topic] sending to topic 'rewardtopic'
2025-10-26 20:19:14,906 INFO [grader_tool] Score 1 sent to reward queue
2025-10-26 20:19:16,258 INFO request accepted by grader tool
2025-10-26 20:19:16,406 INFO [grader_tool] Starting grading for query: '<|im_start|>system
You are an ORCHESTRATOR/CODING ...'
2025-10-26 20:19:16,406 INFO [grader_tool] Sending request to disaggregated proxy at http://localhost:8000
2025-10-26 20:19:17,115 INFO [grader_tool] Final score: 1
2025-10-26 20:19:17,116 INFO [reward_topic] sending to topic 'rewardtopic'
2025-10-26 20:19:18,378 INFO [grader_tool] Score 1 sent to reward queue
2025-10-26 20:19:19,759 INFO request accepted by grader tool
2025-10-26 20:19:19,880 INFO [grader_tool] Starting grading for query: '<|im_start|>system
You are an ORCHESTRATOR/CODING ...'
2025-10-26 20:19:19,880 INFO [grader_tool] Sending request to disaggregated proxy at http://localhost:8000
2025-10-26 20:19:20,508 INFO [grader_tool] Final score: 1
2025-10-26 20:19:20,508 INFO [reward_topic] sending to topic 'rewardtopic'
2025-10-26 20:19:21,814 INFO [grader_tool] Score 1 sent to reward queue
2025-10-26 20:20:18,358 INFO request accepted by grader tool
2025-10-26 20:20:18,832 INFO [grader_tool] Starting grading for query: '<|im_start|>system
You are an ORCHESTRATOR/CODING ...'
2025-10-26 20:20:18,832 INFO [grader_tool] Sending request to disaggregated proxy at http://localhost:8000
2025-10-26 20:20:20,042 INFO [grader_tool] Final score: 1
2025-10-26 20:20:20,042 INFO [reward_topic] sending to topic 'rewardtopic'
2025-10-26 20:20:21,438 INFO [grader_tool] Score 1 sent to reward queue
2025-10-26 20:20:21,842 INFO request accepted by grader tool
2025-10-26 20:20:21,939 INFO [grader_tool] Starting grading for query: '<|im_start|>system
You are an ORCHESTRATOR/CODING ...'
2025-10-26 20:20:21,939 INFO [grader_tool] Sending request to disaggregated proxy at http://localhost:8000
2025-10-26 20:20:23,079 INFO [grader_tool] Final score: 1
2025-10-26 20:20:23,079 INFO [reward_topic] sending to topic 'rewardtopic'
2025-10-26 20:20:24,342 INFO [grader_tool] Score 1 sent to reward queue
2025-10-26 20:20:25,371 INFO request accepted by grader tool
2025-10-26 20:20:25,844 INFO [grader_tool] Starting grading for query: '<|im_start|>system
You are an ORCHESTRATOR/CODING ...'
2025-10-26 20:20:25,844 INFO [grader_tool] Sending request to disaggregated proxy at http://localhost:8000
2025-10-26 20:20:26,623 INFO [grader_tool] Final score: 1
2025-10-26 20:20:26,623 INFO [reward_topic] sending to topic 'rewardtopic'
2025-10-26 20:20:27,898 INFO [grader_tool] Score 1 sent to reward queue
2025-10-26 20:20:28,845 INFO request accepted by grader tool
2025-10-26 20:20:28,899 INFO [grader_tool] Starting grading for query: '<|im_start|>system
You are an ORCHESTRATOR/CODING ...'
2025-10-26 20:20:28,899 INFO [grader_tool] Sending request to disaggregated proxy at http://localhost:8000
2025-10-26 20:20:30,152 INFO [grader_tool] Final score: 2
2025-10-26 20:20:30,153 INFO [reward_topic] sending to topic 'rewardtopic'
2025-10-26 20:20:31,422 INFO [grader_tool] Score 2 sent to reward queue
2025-10-26 20:21:28,324 INFO request accepted by grader tool
2025-10-26 20:21:28,437 INFO [grader_tool] Starting grading for query: '<|im_start|>system
You are an ORCHESTRATOR/CODING ...'
2025-10-26 20:21:28,437 INFO [grader_tool] Sending request to disaggregated proxy at http://localhost:8000
2025-10-26 20:21:29,831 INFO [grader_tool] Final score: 1
2025-10-26 20:21:29,831 INFO [reward_topic] sending to topic 'rewardtopic'
2025-10-26 20:21:31,113 INFO [grader_tool] Score 1 sent to reward queue
2025-10-26 20:21:31,811 INFO request accepted by grader tool
2025-10-26 20:21:32,113 INFO [grader_tool] Starting grading for query: '<|im_start|>system
You are an ORCHESTRATOR/CODING ...'
2025-10-26 20:21:32,113 INFO [grader_tool] Sending request to disaggregated proxy at http://localhost:8000
2025-10-26 20:21:33,402 INFO [grader_tool] Final score: 1
2025-10-26 20:21:33,402 INFO [reward_topic] sending to topic 'rewardtopic'
2025-10-26 20:21:34,666 INFO [grader_tool] Score 1 sent to reward queue
2025-10-26 20:21:35,284 INFO request accepted by grader tool
2025-10-26 20:21:35,668 INFO [grader_tool] Starting grading for query: '<|im_start|>system
You are an ORCHESTRATOR/CODING ...'
2025-10-26 20:21:35,669 INFO [grader_tool] Sending request to disaggregated proxy at http://localhost:8000
2025-10-26 20:21:36,805 INFO [grader_tool] Final score: 1
2025-10-26 20:21:36,805 INFO [reward_topic] sending to topic 'rewardtopic'
2025-10-26 20:21:38,065 INFO [grader_tool] Score 1 sent to reward queue
2025-10-26 20:21:39,285 INFO request accepted by grader tool
2025-10-26 20:21:39,567 INFO [grader_tool] Starting grading for query: '<|im_start|>system
You are an ORCHESTRATOR/CODING ...'
2025-10-26 20:21:39,567 INFO [grader_tool] Sending request to disaggregated proxy at http://localhost:8000
2025-10-26 20:21:40,499 INFO [grader_tool] Final score: 1
2025-10-26 20:21:40,499 INFO [reward_topic] sending to topic 'rewardtopic'
2025-10-26 20:21:41,764 INFO [grader_tool] Score 1 sent to reward queue
2025-10-26 20:37:04,988 INFO request accepted by grader tool
2025-10-26 20:37:05,128 INFO [grader_tool] Starting grading for query: '<|im_start|>system
You are an ORCHESTRATOR/CODING ...'
2025-10-26 20:37:05,128 INFO [grader_tool] Sending request to disaggregated proxy at http://localhost:8000
2025-10-26 20:37:06,307 INFO [grader_tool] Final score: 1
2025-10-26 20:37:06,308 INFO [reward_topic] sending to topic 'rewardtopic'
2025-10-26 20:37:07,581 INFO [grader_tool] Score 1 sent to reward queue
2025-10-26 20:37:08,511 INFO request accepted by grader tool
2025-10-26 20:37:08,582 INFO [grader_tool] Starting grading for query: '<|im_start|>system
You are an ORCHESTRATOR/CODING ...'
2025-10-26 20:37:08,582 INFO [grader_tool] Sending request to disaggregated proxy at http://localhost:8000
2025-10-26 20:37:09,237 INFO [grader_tool] Final score: 1
2025-10-26 20:37:09,237 INFO [reward_topic] sending to topic 'rewardtopic'
2025-10-26 20:37:10,495 INFO [grader_tool] Score 1 sent to reward queue
2025-10-26 20:37:11,026 INFO request accepted by grader tool
2025-10-26 20:37:11,497 INFO [grader_tool] Starting grading for query: '<|im_start|>system
You are an ORCHESTRATOR/CODING ...'
2025-10-26 20:37:11,497 INFO [grader_tool] Sending request to disaggregated proxy at http://localhost:8000
2025-10-26 20:37:12,846 INFO [grader_tool] Final score: 1
2025-10-26 20:37:12,846 INFO [reward_topic] sending to topic 'rewardtopic'
2025-10-26 20:37:14,108 INFO [grader_tool] Score 1 sent to reward queue
2025-10-26 20:37:14,546 INFO request accepted by grader tool
2025-10-26 20:37:14,609 INFO [grader_tool] Starting grading for query: '<|im_start|>system
You are an ORCHESTRATOR/CODING ...'
2025-10-26 20:37:14,609 INFO [grader_tool] Sending request to disaggregated proxy at http://localhost:8000
2025-10-26 20:37:15,729 INFO [grader_tool] Final score: 1
2025-10-26 20:37:15,729 INFO [reward_topic] sending to topic 'rewardtopic'
2025-10-26 20:37:17,010 INFO [grader_tool] Score 1 sent to reward queue
2025-10-26 20:45:01,345 INFO request accepted by grader tool
2025-10-26 20:45:01,678 INFO [grader_tool] Starting grading for query: '<|im_start|>system
You are an ORCHESTRATOR/CODING ...'
2025-10-26 20:45:01,678 INFO [grader_tool] Sending request to disaggregated proxy at http://localhost:8000
2025-10-26 20:45:02,893 INFO [grader_tool] Final score: 1
2025-10-26 20:45:02,893 INFO [reward_topic] sending to topic 'rewardtopic'
2025-10-26 20:45:04,169 INFO [grader_tool] Score 1 sent to reward queue
2025-10-26 20:45:04,898 INFO request accepted by grader tool
2025-10-26 20:45:05,169 INFO [grader_tool] Starting grading for query: '<|im_start|>system
You are an ORCHESTRATOR/CODING ...'
2025-10-26 20:45:05,170 INFO [grader_tool] Sending request to disaggregated proxy at http://localhost:8000
2025-10-26 20:45:06,459 INFO [grader_tool] Final score: 1
2025-10-26 20:45:06,460 INFO [reward_topic] sending to topic 'rewardtopic'
2025-10-26 20:45:07,722 INFO [grader_tool] Score 1 sent to reward queue
2025-10-26 20:45:08,332 INFO request accepted by grader tool
2025-10-26 20:45:08,722 INFO [grader_tool] Starting grading for query: '<|im_start|>system
You are an ORCHESTRATOR/CODING ...'
2025-10-26 20:45:08,722 INFO [grader_tool] Sending request to disaggregated proxy at http://localhost:8000
2025-10-26 20:45:10,250 INFO [grader_tool] Final score: 1
2025-10-26 20:45:10,251 INFO [reward_topic] sending to topic 'rewardtopic'
2025-10-26 20:45:11,522 INFO [grader_tool] Score 1 sent to reward queue
2025-10-26 20:45:12,848 INFO request accepted by grader tool
2025-10-26 20:45:13,023 INFO [grader_tool] Starting grading for query: '<|im_start|>system
You are an ORCHESTRATOR/CODING ...'
2025-10-26 20:45:13,023 INFO [grader_tool] Sending request to disaggregated proxy at http://localhost:8000
2025-10-26 20:45:15,620 INFO [grader_tool] Final score: 2
2025-10-26 20:45:15,620 INFO [reward_topic] sending to topic 'rewardtopic'
2025-10-26 20:45:16,886 INFO [grader_tool] Score 2 sent to reward queue
2025-10-26 20:53:08,743 INFO request accepted by grader tool
2025-10-26 20:53:09,093 INFO [grader_tool] Starting grading for query: '<|im_start|>system
You are an ORCHESTRATOR/CODING ...'
2025-10-26 20:53:09,093 INFO [grader_tool] Sending request to disaggregated proxy at http://localhost:8000
2025-10-26 20:53:10,200 INFO [grader_tool] Final score: 1
2025-10-26 20:53:10,200 INFO [reward_topic] sending to topic 'rewardtopic'
2025-10-26 20:53:11,473 INFO [grader_tool] Score 1 sent to reward queue
2025-10-26 20:53:12,439 INFO request accepted by grader tool
2025-10-26 20:53:12,473 INFO [grader_tool] Starting grading for query: '<|im_start|>system
You are an ORCHESTRATOR/CODING ...'
2025-10-26 20:53:12,474 INFO [grader_tool] Sending request to disaggregated proxy at http://localhost:8000
2025-10-26 20:53:13,579 INFO [grader_tool] Final score: 1
2025-10-26 20:53:13,580 INFO [reward_topic] sending to topic 'rewardtopic'
2025-10-26 20:53:14,856 INFO [grader_tool] Score 1 sent to reward queue
2025-10-26 20:53:15,983 INFO request accepted by grader tool
2025-10-26 20:53:16,356 INFO [grader_tool] Starting grading for query: '<|im_start|>system
You are an ORCHESTRATOR/CODING ...'
2025-10-26 20:53:16,357 INFO [grader_tool] Sending request to disaggregated proxy at http://localhost:8000
2025-10-26 20:53:17,882 INFO [grader_tool] Final score: 2
2025-10-26 20:53:17,882 INFO [reward_topic] sending to topic 'rewardtopic'
2025-10-26 20:53:19,157 INFO [grader_tool] Score 2 sent to reward queue
2025-10-26 20:53:20,481 INFO request accepted by grader tool
2025-10-26 20:53:20,657 INFO [grader_tool] Starting grading for query: '<|im_start|>system
You are an ORCHESTRATOR/CODING ...'
2025-10-26 20:53:20,657 INFO [grader_tool] Sending request to disaggregated proxy at http://localhost:8000
2025-10-26 20:53:21,572 INFO [grader_tool] Final score: 1
2025-10-26 20:53:21,572 INFO [reward_topic] sending to topic 'rewardtopic'
2025-10-26 20:53:22,835 INFO [grader_tool] Score 1 sent to reward queue
2025-10-26 21:01:07,009 INFO request accepted by grader tool
2025-10-26 21:01:07,037 INFO [grader_tool] Starting grading for query: '<|im_start|>system
You are an ORCHESTRATOR/CODING ...'
2025-10-26 21:01:07,037 INFO [grader_tool] Sending request to disaggregated proxy at http://localhost:8000
2025-10-26 21:01:08,308 INFO [grader_tool] Final score: 1
2025-10-26 21:01:08,309 INFO [reward_topic] sending to topic 'rewardtopic'
2025-10-26 21:01:09,583 INFO [grader_tool] Score 1 sent to reward queue
2025-10-26 21:01:10,196 INFO request accepted by grader tool
2025-10-26 21:01:10,585 INFO [grader_tool] Starting grading for query: '<|im_start|>system
You are an ORCHESTRATOR/CODING ...'
2025-10-26 21:01:10,585 INFO [grader_tool] Sending request to disaggregated proxy at http://localhost:8000
2025-10-26 21:01:11,770 INFO [grader_tool] Final score: 1
2025-10-26 21:01:11,770 INFO [reward_topic] sending to topic 'rewardtopic'
2025-10-26 21:01:13,029 INFO [grader_tool] Score 1 sent to reward queue
2025-10-26 21:01:13,749 INFO request accepted by grader tool
2025-10-26 21:01:14,029 INFO [grader_tool] Starting grading for query: '<|im_start|>system
You are an ORCHESTRATOR/CODING ...'
2025-10-26 21:01:14,029 INFO [grader_tool] Sending request to disaggregated proxy at http://localhost:8000
2025-10-26 21:01:15,695 INFO [grader_tool] Final score: 1
2025-10-26 21:01:15,696 INFO [reward_topic] sending to topic 'rewardtopic'
2025-10-26 21:01:16,957 INFO [grader_tool] Score 1 sent to reward queue
2025-10-26 21:01:18,211 INFO request accepted by grader tool
2025-10-26 21:01:18,458 INFO [grader_tool] Starting grading for query: '<|im_start|>system
You are an ORCHESTRATOR/CODING ...'
2025-10-26 21:01:18,458 INFO [grader_tool] Sending request to disaggregated proxy at http://localhost:8000
2025-10-26 21:01:19,855 INFO [grader_tool] Final score: 2
2025-10-26 21:01:19,856 INFO [reward_topic] sending to topic 'rewardtopic'
2025-10-26 21:01:21,118 INFO [grader_tool] Score 2 sent to reward queue
2025-10-26 21:09:03,351 INFO request accepted by grader tool
2025-10-26 21:09:03,812 INFO [grader_tool] Starting grading for query: '<|im_start|>system
You are an ORCHESTRATOR/CODING ...'
2025-10-26 21:09:03,812 INFO [grader_tool] Sending request to disaggregated proxy at http://localhost:8000
2025-10-26 21:09:06,328 INFO [grader_tool] Final score: 2
2025-10-26 21:09:06,328 INFO [reward_topic] sending to topic 'rewardtopic'
2025-10-26 21:09:07,605 INFO [grader_tool] Score 2 sent to reward queue
2025-10-26 21:09:08,863 INFO request accepted by grader tool
2025-10-26 21:09:09,105 INFO [grader_tool] Starting grading for query: '<|im_start|>system
You are an ORCHESTRATOR/CODING ...'
2025-10-26 21:09:09,105 INFO [grader_tool] Sending request to disaggregated proxy at http://localhost:8000
2025-10-26 21:09:10,407 INFO [grader_tool] Final score: 1
2025-10-26 21:09:10,407 INFO [reward_topic] sending to topic 'rewardtopic'
2025-10-26 21:09:11,671 INFO [grader_tool] Score 1 sent to reward queue
2025-10-26 21:09:12,362 INFO request accepted by grader tool
2025-10-26 21:09:12,672 INFO [grader_tool] Starting grading for query: '<|im_start|>system
You are an ORCHESTRATOR/CODING ...'
2025-10-26 21:09:12,672 INFO [grader_tool] Sending request to disaggregated proxy at http://localhost:8000
2025-10-26 21:09:14,682 INFO [grader_tool] Final score: 2
2025-10-26 21:09:14,683 INFO [reward_topic] sending to topic 'rewardtopic'
2025-10-26 21:09:15,943 INFO [grader_tool] Score 2 sent to reward queue
2025-10-26 21:09:16,977 INFO request accepted by grader tool
2025-10-26 21:09:17,443 INFO [grader_tool] Starting grading for query: '<|im_start|>system
You are an ORCHESTRATOR/CODING ...'
2025-10-26 21:09:17,443 INFO [grader_tool] Sending request to disaggregated proxy at http://localhost:8000
2025-10-26 21:09:18,633 INFO [grader_tool] Final score: 1
2025-10-26 21:09:18,634 INFO [reward_topic] sending to topic 'rewardtopic'
2025-10-26 21:09:19,901 INFO [grader_tool] Score 1 sent to reward queue
2025-10-26 21:12:57,444 INFO Not grader_command, ignored
2025-10-26 21:16:48,160 INFO Not grader_command, ignored
2025-10-26 21:16:52,690 INFO request accepted by grader tool
2025-10-26 21:16:53,091 INFO [grader_tool] Starting grading for query: '<|im_start|>system
You are an ORCHESTRATOR/CODING ...'
2025-10-26 21:16:53,091 INFO [grader_tool] Sending request to disaggregated proxy at http://localhost:8000
2025-10-26 21:16:54,172 INFO [grader_tool] Final score: 1
2025-10-26 21:16:54,172 INFO [reward_topic] sending to topic 'rewardtopic'
2025-10-26 21:16:55,447 INFO [grader_tool] Score 1 sent to reward queue
2025-10-26 21:16:56,191 INFO request accepted by grader tool
2025-10-26 21:16:56,449 INFO [grader_tool] Starting grading for query: '<|im_start|>system
You are an ORCHESTRATOR/CODING ...'
2025-10-26 21:16:56,449 INFO [grader_tool] Sending request to disaggregated proxy at http://localhost:8000
2025-10-26 21:16:58,021 INFO [grader_tool] Final score: 2
2025-10-26 21:16:58,021 INFO [reward_topic] sending to topic 'rewardtopic'
2025-10-26 21:16:59,284 INFO [grader_tool] Score 2 sent to reward queue
2025-10-26 21:17:00,825 INFO request accepted by grader tool
2025-10-26 21:17:01,285 INFO [grader_tool] Starting grading for query: '<|im_start|>system
You are an ORCHESTRATOR/CODING ...'
2025-10-26 21:17:01,285 INFO [grader_tool] Sending request to disaggregated proxy at http://localhost:8000
2025-10-26 21:17:02,438 INFO [grader_tool] Final score: 1
2025-10-26 21:17:02,439 INFO [reward_topic] sending to topic 'rewardtopic'
2025-10-26 21:17:03,702 INFO [grader_tool] Score 1 sent to reward queue
2025-10-26 21:17:04,358 INFO request accepted by grader tool
2025-10-26 21:17:04,701 INFO [grader_tool] Starting grading for query: '<|im_start|>system
You are an ORCHESTRATOR/CODING ...'
2025-10-26 21:17:04,701 INFO [grader_tool] Sending request to disaggregated proxy at http://localhost:8000
2025-10-26 21:17:06,151 INFO [grader_tool] Final score: 1
2025-10-26 21:17:06,151 INFO [reward_topic] sending to topic 'rewardtopic'
2025-10-26 21:17:07,419 INFO [grader_tool] Score 1 sent to reward queue
2025-10-26 21:21:37,410 INFO Not grader_command, ignored
2025-10-26 21:23:08,951 INFO Not grader_command, ignored
2025-10-26 21:25:26,949 INFO request accepted by grader tool
2025-10-26 21:25:27,127 INFO [grader_tool] Starting grading for query: '<|im_start|>system
You are an ORCHESTRATOR/CODING ...'
2025-10-26 21:25:27,127 INFO [grader_tool] Sending request to disaggregated proxy at http://localhost:8000
2025-10-26 21:25:28,292 INFO [grader_tool] Final score: 2
2025-10-26 21:25:28,292 INFO [reward_topic] sending to topic 'rewardtopic'
2025-10-26 21:25:29,582 INFO [grader_tool] Score 2 sent to reward queue
2025-10-26 21:25:30,950 INFO request accepted by grader tool
2025-10-26 21:25:31,082 INFO [grader_tool] Starting grading for query: '<|im_start|>system
You are an ORCHESTRATOR/CODING ...'
2025-10-26 21:25:31,082 INFO [grader_tool] Sending request to disaggregated proxy at http://localhost:8000
2025-10-26 21:25:33,112 INFO [grader_tool] Final score: 2
2025-10-26 21:25:33,112 INFO [reward_topic] sending to topic 'rewardtopic'
2025-10-26 21:25:34,381 INFO [grader_tool] Score 2 sent to reward queue
2025-10-26 21:25:34,987 INFO request accepted by grader tool
2025-10-26 21:25:35,382 INFO [grader_tool] Starting grading for query: '<|im_start|>system
You are an ORCHESTRATOR/CODING ...'
2025-10-26 21:25:35,382 INFO [grader_tool] Sending request to disaggregated proxy at http://localhost:8000
2025-10-26 21:25:36,899 INFO [grader_tool] Final score: 3
2025-10-26 21:25:36,900 INFO [reward_topic] sending to topic 'rewardtopic'
2025-10-26 21:25:38,157 INFO [grader_tool] Score 3 sent to reward queue
2025-10-26 21:25:39,446 INFO request accepted by grader tool
2025-10-26 21:25:39,657 INFO [grader_tool] Starting grading for query: '<|im_start|>system
You are an ORCHESTRATOR/CODING ...'
2025-10-26 21:25:39,657 INFO [grader_tool] Sending request to disaggregated proxy at http://localhost:8000
2025-10-26 21:25:40,697 INFO [grader_tool] Final score: 1
2025-10-26 21:25:40,697 INFO [reward_topic] sending to topic 'rewardtopic'
2025-10-26 21:25:41,974 INFO [grader_tool] Score 1 sent to reward queue
2025-10-26 21:34:25,131 INFO Not grader_command, ignored
2025-10-26 21:38:37,714 INFO request accepted by grader tool
2025-10-26 21:38:37,785 INFO [grader_tool] Starting grading for query: '<|im_start|>system
You are an ORCHESTRATOR/CODING ...'
2025-10-26 21:38:37,785 INFO [grader_tool] Sending request to disaggregated proxy at http://localhost:8000
2025-10-26 21:38:39,634 INFO [grader_tool] Final score: 1
2025-10-26 21:38:39,634 INFO [reward_topic] sending to topic 'rewardtopic'
2025-10-26 21:38:40,911 INFO [grader_tool] Score 1 sent to reward queue
2025-10-26 21:38:42,278 INFO request accepted by grader tool
2025-10-26 21:38:42,411 INFO [grader_tool] Starting grading for query: '<|im_start|>system
You are an ORCHESTRATOR/CODING ...'
2025-10-26 21:38:42,411 INFO [grader_tool] Sending request to disaggregated proxy at http://localhost:8000
2025-10-26 21:38:44,365 INFO [grader_tool] Final score: 1
2025-10-26 21:38:44,366 INFO [reward_topic] sending to topic 'rewardtopic'
2025-10-26 21:38:45,630 INFO [grader_tool] Score 1 sent to reward queue
2025-10-26 21:38:46,728 INFO request accepted by grader tool
2025-10-26 21:38:47,133 INFO [grader_tool] Starting grading for query: '<|im_start|>system
You are an ORCHESTRATOR/CODING ...'
2025-10-26 21:38:47,133 INFO [grader_tool] Sending request to disaggregated proxy at http://localhost:8000
2025-10-26 21:38:48,414 INFO [grader_tool] Final score: 2
2025-10-26 21:38:48,414 INFO [reward_topic] sending to topic 'rewardtopic'
2025-10-26 21:38:49,676 INFO [grader_tool] Score 2 sent to reward queue
2025-10-26 21:38:50,233 INFO request accepted by grader tool
2025-10-26 21:38:50,676 INFO [grader_tool] Starting grading for query: '<|im_start|>system
You are an ORCHESTRATOR/CODING ...'
2025-10-26 21:38:50,676 INFO [grader_tool] Sending request to disaggregated proxy at http://localhost:8000
2025-10-26 21:38:51,463 INFO [grader_tool] Final score: 1
2025-10-26 21:38:51,463 INFO [reward_topic] sending to topic 'rewardtopic'
2025-10-26 21:38:52,729 INFO [grader_tool] Score 1 sent to reward queue
2025-10-26 21:46:35,340 INFO request accepted by grader tool
2025-10-26 21:46:35,407 INFO [grader_tool] Starting grading for query: '<|im_start|>system
You are an ORCHESTRATOR/CODING ...'
2025-10-26 21:46:35,407 INFO [grader_tool] Sending request to disaggregated proxy at http://localhost:8000
2025-10-26 21:46:37,127 INFO [grader_tool] Final score: 1
2025-10-26 21:46:37,127 INFO [reward_topic] sending to topic 'rewardtopic'
2025-10-26 21:46:38,400 INFO [grader_tool] Score 1 sent to reward queue
2025-10-26 21:46:39,794 INFO request accepted by grader tool
2025-10-26 21:46:39,902 INFO [grader_tool] Starting grading for query: '<|im_start|>system
You are an ORCHESTRATOR/CODING ...'
2025-10-26 21:46:39,902 INFO [grader_tool] Sending request to disaggregated proxy at http://localhost:8000
2025-10-26 21:46:41,316 INFO [grader_tool] Final score: 1
2025-10-26 21:46:41,316 INFO [reward_topic] sending to topic 'rewardtopic'
2025-10-26 21:46:42,575 INFO [grader_tool] Score 1 sent to reward queue
2025-10-26 21:46:43,279 INFO request accepted by grader tool
2025-10-26 21:46:43,575 INFO [grader_tool] Starting grading for query: '<|im_start|>system
You are an ORCHESTRATOR/CODING ...'
2025-10-26 21:46:43,575 INFO [grader_tool] Sending request to disaggregated proxy at http://localhost:8000
2025-10-26 21:46:45,591 INFO [grader_tool] Final score: 2
2025-10-26 21:46:45,591 INFO [reward_topic] sending to topic 'rewardtopic'
2025-10-26 21:46:46,877 INFO [grader_tool] Score 2 sent to reward queue
2025-10-26 21:46:47,815 INFO request accepted by grader tool
2025-10-26 21:46:47,878 INFO [grader_tool] Starting grading for query: '<|im_start|>system
You are an ORCHESTRATOR/CODING ...'
2025-10-26 21:46:47,878 INFO [grader_tool] Sending request to disaggregated proxy at http://localhost:8000
2025-10-26 21:46:49,485 INFO [grader_tool] Final score: 1
2025-10-26 21:46:49,485 INFO [reward_topic] sending to topic 'rewardtopic'
2025-10-26 21:46:50,749 INFO [grader_tool] Score 1 sent to reward queue
2025-10-26 21:54:32,465 INFO request accepted by grader tool
2025-10-26 21:54:32,942 INFO [grader_tool] Starting grading for query: '<|im_start|>system
You are an ORCHESTRATOR/CODING ...'
2025-10-26 21:54:32,942 INFO [grader_tool] Sending request to disaggregated proxy at http://localhost:8000
2025-10-26 21:54:34,624 INFO [grader_tool] Final score: 1
2025-10-26 21:54:34,624 INFO [reward_topic] sending to topic 'rewardtopic'
2025-10-26 21:54:35,900 INFO [grader_tool] Score 1 sent to reward queue
2025-10-26 21:54:36,971 INFO request accepted by grader tool
2025-10-26 21:54:37,400 INFO [grader_tool] Starting grading for query: '<|im_start|>system
You are an ORCHESTRATOR/CODING ...'
2025-10-26 21:54:37,400 INFO [grader_tool] Sending request to disaggregated proxy at http://localhost:8000
2025-10-26 21:54:38,478 INFO [grader_tool] Final score: 1
2025-10-26 21:54:38,478 INFO [reward_topic] sending to topic 'rewardtopic'
2025-10-26 21:54:39,740 INFO [grader_tool] Score 1 sent to reward queue
2025-10-26 21:54:40,430 INFO request accepted by grader tool
2025-10-26 21:54:40,741 INFO [grader_tool] Starting grading for query: '<|im_start|>system
You are an ORCHESTRATOR/CODING ...'
2025-10-26 21:54:40,741 INFO [grader_tool] Sending request to disaggregated proxy at http://localhost:8000
2025-10-26 21:54:41,886 INFO [grader_tool] Final score: 1
2025-10-26 21:54:41,886 INFO [reward_topic] sending to topic 'rewardtopic'
2025-10-26 21:54:43,149 INFO [grader_tool] Score 1 sent to reward queue
2025-10-26 21:54:43,912 INFO request accepted by grader tool
2025-10-26 21:54:44,149 INFO [grader_tool] Starting grading for query: '<|im_start|>system
You are an ORCHESTRATOR/CODING ...'
2025-10-26 21:54:44,149 INFO [grader_tool] Sending request to disaggregated proxy at http://localhost:8000
2025-10-26 21:54:45,361 INFO [grader_tool] Final score: 1
2025-10-26 21:54:45,361 INFO [reward_topic] sending to topic 'rewardtopic'
2025-10-26 21:54:46,633 INFO [grader_tool] Score 1 sent to reward queue
INFO:     Shutting down
INFO:     Waiting for application shutdown.
2025-10-26 21:56:48,210 INFO [shutdown] All services stopped.
INFO:     Application shutdown complete.
INFO:     Finished server process [8066]
